// Jest Snapshot v1, https://goo.gl/fbAQLP

exports[`Questionnaire renders correctly 1`] = `
<div
  className="Questionnaire"
>
  <button
    className="buttonComponent"
    onClick={[Function]}
  />
</div>
`;
